
Memory Configuration

Name             Origin             Length             Attributes
*default*        0x0000000000000000 0xffffffffffffffff

Linker script and memory map

                0x0000000080005130                __osDisableInt = 0x80005130
                0x00000000800051a0                __osRestoreInt = 0x800051a0
                0x0000000080003440                osWritebackDCache = 0x80003440
                0x00000000800041a0                osInvalICache = 0x800041a0
                0x0000000080002e80                bzero = 0x80002e80
                0x00000000800ce7b4                _sprintf = 0x800ce7b4
                0x0000000080002030                osRecvMesg = 0x80002030
                0x0000000080004480                osSetThreadPri = 0x80004480
                0x000000008000085c                DmaMgr_DMARomToRam = 0x8000085c
                0x0000000080001254                Yaz0_Decompress = 0x80001254
                0x0000000080001aa0                DmaMgr_SendRequest0 = 0x80001aa0
                0x00000000800d0160                osContStartReadData = 0x800d0160
                0x00000000800d01e4                osContGetReadData = 0x800d01e4
                0x000000008011f56c                framebuffer16 = 0x8011f56c
                0x000000008011f56c                framebuffer64 = 0x8011f56c
                0x0000000080400a08                fp_precmd = 0x80400a08
                0x0000000080400a04                fp_postcmd = 0x80400a04
                0x0000000080400a10                fast_loader_END = 0x80400a10
                0x00000000800ff320                sExceptionNames = 0x800ff320
                0x0000000080006344                __osFaultedThread = 0x80006344
                0x000000008011d580                padmgrth = 0x8011d580
                0x0000000080400a10                . = fast_loader_END

.start          0x0000000080400a10       0x50
 *(.start)
 .start         0x0000000080400a10       0x50 debugger/debugger.o
                0x0000000080400a10                Debugger_Init

.text           0x0000000080400a60      0x5a0
 *(.text)
 .text          0x0000000080400a60      0x5a0 debugger/debugger.o
                0x0000000080400aa8                put_pixel
                0x0000000080400f34                _memcpy
                0x0000000080400f98                Debugger_GetNextMessageBuffer
                0x0000000080400fd8                Debugger_ShowMessage

.MIPS.abiflags  0x0000000080401000       0x18
 .MIPS.abiflags
                0x0000000080401000       0x18 debugger/debugger.o

.rodata.str1.4  0x0000000080401018      0x17b
 .rodata.str1.4
                0x0000000080401018      0x17b debugger/debugger.o

.rodata         0x0000000080401194      0x3b0
 .rodata        0x0000000080401194      0x3b0 debugger/debugger.o

.data           0x0000000080401550        0x0
 *(.data)
 .data          0x0000000080401550        0x0 debugger/debugger.o

.bss            0x0000000080401550      0x381
 *(.bss)
 .bss           0x0000000080401550      0x381 debugger/debugger.o
LOAD debugger/debugger.o
OUTPUT(debugger/debugger.elf elf32-bigmips)

.reginfo        0x0000000000000000       0x18
 .reginfo       0x0000000000000000       0x18 debugger/debugger.o

.pdr            0x0000000000000000      0x100
 .pdr           0x0000000000000000      0x100 debugger/debugger.o

.mdebug.abi32   0x0000000000000000        0x0
 .mdebug.abi32  0x0000000000000000        0x0 debugger/debugger.o

.comment        0x0000000000000000       0x11
 .comment       0x0000000000000000       0x11 debugger/debugger.o
                                         0x12 (size before relaxing)

.gnu.attributes
                0x0000000000000000       0x10
 .gnu.attributes
                0x0000000000000000       0x10 debugger/debugger.o
